# CVS $Revision: $ $Author: $ -- Tue Feb 05 00:00:00 2023 -- formatted by stoneageartisans

### Starting Kits
STARTPACK:Extra gold						EQUIPBUY:0		VISIBLE:YES		APPLY:PERMANENT
FUNDS:gp		QTY:150

STARTPACK:Double extra gold					EQUIPBUY:0		VISIBLE:YES		APPLY:PERMANENT
FUNDS:gp		QTY:300

STARTPACK:Black Adder venom x1				EQUIPBUY:0		VISIBLE:YES		APPLY:PERMANENT
GEAR:Poison (Black Adder Venom)

STARTPACK:Black Adder venom x3				EQUIPBUY:0		VISIBLE:YES		APPLY:PERMANENT
GEAR:Poison (Black adder venom)		QTY:3

STARTPACK:Breastplate						EQUIPBUY:0		VISIBLE:YES		APPLY:PERMANENT
GEAR:Breastplate		SIZE:PC

STARTPACK:Chain Shirt						EQUIPBUY:0		VISIBLE:YES		APPLY:PERMANENT
GEAR:Chain Shirt		SIZE:PC

STARTPACK:Chainmail							EQUIPBUY:0		VISIBLE:YES		APPLY:PERMANENT
GEAR:Chainmail		SIZE:PC

STARTPACK:Composite Longbow (Str +1)		EQUIPBUY:0		VISIBLE:YES		APPLY:PERMANENT
GEAR:Longbow (Composite)		EQMOD:BOWSTR|1		SIZE:PC

STARTPACK:Composite Longbow (Str +2)		EQUIPBUY:0		VISIBLE:YES		APPLY:PERMANENT
GEAR:Longbow (Composite)		EQMOD:BOWSTR|2		SIZE:PC

STARTPACK:Composite Shortbow (Str +1)		EQUIPBUY:0		VISIBLE:YES		APPLY:PERMANENT
GEAR:Shortbow (Composite)		EQMOD:BOWSTR|1		SIZE:PC

STARTPACK:Elixir of Swimming				EQUIPBUY:0		VISIBLE:YES		APPLY:PERMANENT
GEAR:Elixir of Swimming		QTY:1

STARTPACK:Healer's Kit & two Antitoxins		EQUIPBUY:0		VISIBLE:YES		APPLY:PERMANENT
GEAR:Healer's Kit		SIZE:PC
GEAR:Antitoxin (Vial)		QTY:2

STARTPACK:Large Scorpion venom x1			EQUIPBUY:0		VISIBLE:YES		APPLY:PERMANENT
GEAR:Poison (Large scorpion venom)		QTY:1

STARTPACK:Large Scorpion venom x2			EQUIPBUY:0		VISIBLE:YES		APPLY:PERMANENT
GEAR:Poison (Large scorpion venom)		QTY:2

STARTPACK:Light Warhorse & gear				EQUIPBUY:0		VISIBLE:YES		APPLY:PERMANENT
GEAR:Warhorse (Light)
GEAR:Bit and Bridle
GEAR:Saddle (Military)

STARTPACK:MW Bastard Sword					EQUIPBUY:0		VISIBLE:YES	APPLY:PERMANENT
GEAR:Sword (Bastard)		EQMOD:Masterwork (Weapon)		SIZE:PC

STARTPACK:MW Battleaxe						EQUIPBUY:0		VISIBLE:YES		APPLY:PERMANENT
GEAR:Battleaxe		EQMOD:Masterwork (Weapon)		SIZE:PC

STARTPACK:MW Breastplate					EQUIPBUY:0		VISIBLE:YES		APPLY:PERMANENT
GEAR:Breastplate		EQMOD:Masterwork (Armor)		SIZE:PC

STARTPACK:MW Chain Shirt					EQUIPBUY:0		VISIBLE:YES		APPLY:PERMANENT
GEAR:Chain Shirt		EQMOD:Masterwork (Armor)		SIZE:PC

STARTPACK:MW Chainmail						EQUIPBUY:0		VISIBLE:YES		APPLY:PERMANENT
GEAR:Chainmail		EQMOD:Masterwork (Armor)		SIZE:PC

STARTPACK:MW Dagger							EQUIPBUY:0		VISIBLE:YES		APPLY:PERMANENT
GEAR:Dagger		EQMOD:Masterwork (Weapon)		SIZE:PC

STARTPACK:MW Dwarven Waraxe					EQUIPBUY:0		VISIBLE:YES		APPLY:PERMANENT
GEAR:Waraxe (Dwarven)		EQMOD:Masterwork (Weapon)		SIZE:PC

STARTPACK:MW Greataxe						EQUIPBUY:0		VISIBLE:YES		APPLY:PERMANENT
GEAR:Greataxe		EQMOD:Masterwork (Weapon)		SIZE:PC

STARTPACK:MW Greatsword						EQUIPBUY:0		VISIBLE:YES		APPLY:PERMANENT
GEAR:Greatsword		EQMOD:Masterwork (Weapon)		SIZE:PC

STARTPACK:MW Heavy Mace						EQUIPBUY:0		VISIBLE:YES		APPLY:PERMANENT
GEAR:Mace (Heavy)		EQMOD:Masterwork (Weapon)		SIZE:PC

STARTPACK:MW Heavy Steel Shield				EQUIPBUY:0		VISIBLE:YES		APPLY:PERMANENT
GEAR:Shield (Heavy/Metal)		EQMOD:Masterwork (Armor)		SIZE:PC

STARTPACK:MW Heavy Wood Shield				EQUIPBUY:0		VISIBLE:YES		APPLY:PERMANENT
GEAR:Shield (Heavy/Wood)		EQMOD:Masterwork (Armor)		SIZE:PC

STARTPACK:MW Hide							EQUIPBUY:0		VISIBLE:YES		APPLY:PERMANENT
GEAR:Hide		EQMOD:Masterwork (Armor)		SIZE:PC

STARTPACK:MW Javelin						EQUIPBUY:0		VISIBLE:YES		APPLY:PERMANENT
GEAR:Javelin		EQMOD:Masterwork (Weapon)		SIZE:PC

STARTPACK:MW Light Crossbow					EQUIPBUY:0		VISIBLE:YES		APPLY:PERMANENT
GEAR:Crossbow (Light)		EQMOD:Masterwork (Weapon)		SIZE:PC

STARTPACK:MW Light Mace						EQUIPBUY:0		VISIBLE:YES		APPLY:PERMANENT
GEAR:Mace (Light)		EQMOD:Masterwork (Weapon)		SIZE:PC

STARTPACK:MW Light Steel Shield				EQUIPBUY:0		VISIBLE:YES		APPLY:PERMANENT
GEAR:Shield (Light/Metal)		EQMOD:Masterwork (Armor)		SIZE:PC

STARTPACK:MW Light Wood Shield				EQUIPBUY:0		VISIBLE:YES		APPLY:PERMANENT
GEAR:Shield (Light/Wood)		EQMOD:Masterwork (Armor)		SIZE:PC

STARTPACK:MW Longbow						EQUIPBUY:0		VISIBLE:YES		APPLY:PERMANENT
GEAR:Longbow		EQMOD:Masterwork (Weapon)		SIZE:PC

STARTPACK:MW Longsword						EQUIPBUY:0		VISIBLE:YES		APPLY:PERMANENT
GEAR:Longsword		EQMOD:Masterwork (Weapon)		SIZE:PC

STARTPACK:MW Morningstar					EQUIPBUY:0		VISIBLE:YES		APPLY:PERMANENT
GEAR:Morningstar		EQMOD:Masterwork (Weapon)		SIZE:PC

STARTPACK:MW Rapier							EQUIPBUY:0		VISIBLE:YES		APPLY:PERMANENT
GEAR:Rapier		EQMOD:Masterwork (Weapon)		SIZE:PC

STARTPACK:MW Scale Mail						EQUIPBUY:0		VISIBLE:YES		APPLY:PERMANENT
GEAR:Scale Mail		EQMOD:Masterwork (Armor)		SIZE:PC

STARTPACK:MW Scimitar						EQUIPBUY:0		VISIBLE:YES		APPLY:PERMANENT
GEAR:Scimitar		EQMOD:Masterwork (Weapon)		SIZE:PC

STARTPACK:MW Shortbow						EQUIPBUY:0		VISIBLE:YES		APPLY:PERMANENT
GEAR:Shortbow		EQMOD:Masterwork (Weapon)		SIZE:PC

STARTPACK:MW Short Sword					EQUIPBUY:0		VISIBLE:YES		APPLY:PERMANENT
GEAR:Sword (Short)		EQMOD:Masterwork (Weapon)		SIZE:PC

STARTPACK:MW Spear							EQUIPBUY:0		VISIBLE:YES		APPLY:PERMANENT
GEAR:Spear		EQMOD:Masterwork (Weapon)		SIZE:PC

STARTPACK:MW Studded Leather				EQUIPBUY:0		VISIBLE:YES		APPLY:PERMANENT
GEAR:Studded Leather		EQMOD:Masterwork (Armor)		SIZE:PC

STARTPACK:MW thieves tools					EQUIPBUY:0		VISIBLE:YES		APPLY:PERMANENT
GEAR:Thieves' Tools (Masterwork)		SIZE:PC

STARTPACK:Scroll of Lesser Restoration		EQUIPBUY:0		VISIBLE:YES		APPLY:PERMANENT
GEAR:Scroll (Restoration/Lesser)

