
# Elemental Archon

#Mephit Underlings (Base)	

Elemental Transcendence		KEY:Elemental Archon ~ Elemental Transcendence		CATEGORY:Special Ability	TYPE:Class Feature.SpecialQuality.Elemental Archon Class Feature	DESC:The Archon becomes an elemental.	

Mephit Underlings		KEY:Elemental Archon ~ Air Mephit Underlings		CATEGORY:Special Ability	TYPE:Class Feature.SpecialQuality.Elemental Archon Class Feature	ABILITY:Internal|AUTOMATIC|Mephit Underlings (Base)	BONUS:VAR|MephitUnderlingLVL|ElementalArchonLVL		COMPANIONLIST:Mephit Underling|Mephit (Air),Mephit (Dust),Mephit (Ice)	DESC:Air Archons can call a triad of mephits to act as his servitors.
Mephit Underlings		KEY:Elemental Archon ~ Earth Mephit Underlings		CATEGORY:Special Ability	TYPE:Class Feature.SpecialQuality.Elemental Archon Class Feature	ABILITY:Internal|AUTOMATIC|Mephit Underlings (Base)	BONUS:VAR|MephitUnderlingLVL|ElementalArchonLVL		COMPANIONLIST:Mephit Underling|Mephit (Earth),Mephit (Salt)		DESC:Earth Archons can call a triad of mephits to act as his servitors.
Mephit Underlings		KEY:Elemental Archon ~ Fire Mephit Underlings		CATEGORY:Special Ability	TYPE:Class Feature.SpecialQuality.Elemental Archon Class Feature	ABILITY:Internal|AUTOMATIC|Mephit Underlings (Base)	BONUS:VAR|MephitUnderlingLVL|ElementalArchonLVL		COMPANIONLIST:Mephit Underling|Mephit (Fire),Mephit (Magma),Mephit (Steam)	DESC:Fire Archons can call a triad of mephits to act as his servitors.
Mephit Underlings		KEY:Elemental Archon ~ Water Mephit Underlings		CATEGORY:Special Ability	TYPE:Class Feature.SpecialQuality.Elemental Archon Class Feature	ABILITY:Internal|AUTOMATIC|Mephit Underlings (Base)	BONUS:VAR|MephitUnderlingLVL|ElementalArchonLVL		COMPANIONLIST:Mephit Underling|Mephit (Water),Mephit (Ooze)			DESC:Water Archons can call a triad of mephits to act as his servitors.

Power of Arrogance		KEY:Elemental Archon ~ Air Power of Arrogance		CATEGORY:Special Ability	TYPE:Class Feature.SpecialQuality.Elemental Archon Class Feature	DESC:So strong is the Air Archon's belief in the supremacy of their chosen element that attack gain a +2 competence bonus and deal +2d6 additional damage against servants of the Earth subtype.
Power of Arrogance		KEY:Elemental Archon ~ Earth Power of Arrogance		CATEGORY:Special Ability	TYPE:Class Feature.SpecialQuality.Elemental Archon Class Feature	DESC:So strong is the Earth Archon's belief in the supremacy of their chosen element that attack gain a +2 competence bonus and deal +2d6 additional damage against servants of the Air subtype.
Power of Arrogance		KEY:Elemental Archon ~ Fire Power of Arrogance		CATEGORY:Special Ability	TYPE:Class Feature.SpecialQuality.Elemental Archon Class Feature	DESC:So strong is the Fire Archon's belief in the supremacy of their chosen element that attack gain a +2 competence bonus and deal +2d6 additional damage against servants of the Water subtype.
Power of Arrogance		KEY:Elemental Archon ~ Water Power of Arrogance		CATEGORY:Special Ability	TYPE:Class Feature.SpecialQuality.Elemental Archon Class Feature	DESC:So strong is the Water Archon's belief in the supremacy of their chosen element that attack gain a +2 competence bonus and deal +2d6 additional damage against servants of the Fire subtype.

Air Resilience			KEY:Elemental Archon ~ Air Resilience			CATEGORY:Special Ability	TYPE:Class Feature.SpecialQuality.Elemental Archon Class Feature	ABILITY:Special Ability|AUTOMATIC|Resistance to Electricity	DESC:Beginning at 3d level, and increasing at 6th and 9th, the Air Archon gains a resistance to electricity.
Earth Resilience		KEY:Elemental Archon ~ Earth Resilience			CATEGORY:Special Ability	TYPE:Class Feature.SpecialQuality.Elemental Archon Class Feature	ABILITY:Special Ability|AUTOMATIC|Resistance to Acid		DESC:Beginning at 3d level, and increasing at 6th and 9th, the Earth Archon gains a resistance to acid.
Fire Resilience			KEY:Elemental Archon ~ Fire Resilience			CATEGORY:Special Ability	TYPE:Class Feature.SpecialQuality.Elemental Archon Class Feature	ABILITY:Special Ability|AUTOMATIC|Resistance to Fire		DESC:Beginning at 3d level, and increasing at 6th and 9th, the Fire Archon gains a resistance to fire.
Water Resilience		KEY:Elemental Archon ~ Water Resilience			CATEGORY:Special Ability	TYPE:Class Feature.SpecialQuality.Elemental Archon Class Feature	ABILITY:Special Ability|AUTOMATIC|Resistance to Cold		DESC:Beginning at 3d level, and increasing at 6th and 9th, the Water Archon gains a resistance to cold.

Air Affinity			KEY:Elemental Archon ~ Air Affinity			CATEGORY:Special Ability	TYPE:Class Feature.SpecialQuality.Elemental Archon Class Feature	BONUS:CASTERLEVEL|DESCRIPTOR.Air|1	DESC:Air Archon's gains a +1 caster level bonus with spells that have an Air, this bonus stacks with other abilities.
Earth Affinity			KEY:Elemental Archon ~ Earth Affinity			CATEGORY:Special Ability	TYPE:Class Feature.SpecialQuality.Elemental Archon Class Feature	BONUS:CASTERLEVEL|DESCRIPTOR.Earth|1	DESC:Earth Archon's gains a +1 caster level bonus with spells that have an Earth, this bonus stacks with other abilities.
Fire Affinity			KEY:Elemental Archon ~ Fire Affinity			CATEGORY:Special Ability	TYPE:Class Feature.SpecialQuality.Elemental Archon Class Feature	BONUS:CASTERLEVEL|DESCRIPTOR.Fire|1	DESC:Fire Archon's gains a +1 caster level bonus with spells that have an Fire, this bonus stacks with other abilities.
Water Affinity			KEY:Elemental Archon ~ Water Affinity			CATEGORY:Special Ability	TYPE:Class Feature.SpecialQuality.Elemental Archon Class Feature	BONUS:CASTERLEVEL|DESCRIPTOR.Water|1	DESC:Water Archon's gains a +1 caster level bonus with spells that have an Water, this bonus stacks with other abilities.

Air Expertise			KEY:Elemental Archon ~ Air Elemental Expertise		CATEGORY:Special Ability	TYPE:Class Feature.SpecialQuality.Elemental Archon Class Feature	DESC:Air Archons gain a +1 circumstance bonus on attack and damage rolls against airborne creatures when the archon is airborne.
Earth Expertise			KEY:Elemental Archon ~ Earth Elemental Expertise	CATEGORY:Special Ability	TYPE:Class Feature.SpecialQuality.Elemental Archon Class Feature	DESC:Earth Archons gain a +1 circumstance bonus on attack and damage rolls if both they and their foe are touching the ground.
Fire Expertise			KEY:Elemental Archon ~ Fire Elemental Expertise		CATEGORY:Special Ability	TYPE:Class Feature.SpecialQuality.Elemental Archon Class Feature	DESC:Fire Archons gains a +1 circumstance bonus on attack and damage rolls if both they and their foe are within 20 feet of an open flame (touch-sized or larger).
Water Expertise			KEY:Elemental Archon ~ Water Elemental Expertise	CATEGORY:Special Ability	TYPE:Class Feature.SpecialQuality.Elemental Archon Class Feature	DESC:Water Archons gain a +1 circumstance bonus on attack and damage rolls if both they and their foe are touching water.

Mephit Underlings (Base)		CATEGORY:Internal	DEFINE:MephitUnderlingLVL|0	FOLLOWERS:Mephit Underling|3

Empathic Link			KEY:Mephit Underling ~ Empathic Link		SORTKEY:Class_master	CATEGORY:Special Ability	TYPE:Supernatural.Class Features.Mephit Underling Class Features.SpecialQuality		DESC:An Elemental Archon has an empathic link with their underlings out to a distance of one mile. The archon cannot see through the underlings' eyes, but each underling can communicate with the archon telepathically.
Improved Evasion		KEY:Mephit Underling ~ Improved Evasion		SORTKEY:Class_master	CATEGORY:Special Ability	TYPE:Supernatural.Class Features.Mephit Underling Class Features.SpecialQuality		DESC:If the underling is subjected to an attack that normally allows a Reflex save for half damage, it takes no damage on a successful save and only half damage on a failed save.
Shared Saving Throws		KEY:Mephit Underling ~ Shared Saving Throws	SORTKEY:Class_master	CATEGORY:Special Ability	TYPE:Supernatural.Class Features.Mephit Underling Class Features.SpecialQuality		DESC:The underling uses its own base save or the Archon's whichever is better.
Sycophantic Fawning		KEY:Mephit Underling ~ Sycophantic Fawning	SORTKEY:Class_master	CATEGORY:Special Ability	TYPE:Supernatural.Class Features.Mephit Underling Class Features.SpecialQuality		DESC:Underlings of experienced Archons are pleased to serve such paragons of perfection and they're more than happy to tell their master about how much they appreciate the privilege. Once per day as a standard action, a mephit underling may extol the virtues of its master, granting the Archon a +1 morale bonus on attack, damage, saves, and skill checks. The efforts of multiple underlings stack, lasting 1 round per HD of the highest HD mephit engaged in the fawning.
Improved Empathic Link		KEY:Mephit Underling ~ Improved Empathic Link	SORTKEY:Class_master	CATEGORY:Special Ability	TYPE:Supernatural.Class Features.Mephit Underling Class Features.SpecialQuality		DESC:The empathic link extends to 20 miles.
Slavish Sacrifice		KEY:Mephit Underling ~ Slavish Sacrifice	SORTKEY:Class_master	CATEGORY:Special Ability	TYPE:Supernatural.Class Features.Mephit Underling Class Features.SpecialQuality		DESC:The mephit underlings bond with its master is so great that it is willing to sacrifice itself for the Archon's wellbeing. Each morning, in a ceremony that takes 15 minutes, the Archon strengthens their link. For the entire day, the damage from a single attack that does damage enough that would bring the Archon below zero is transfer instantly to the nearest underling. Regardless of the amount of damage transferred the underling always dies, exploding in a sickening pop of elemental goo. An underling must be within 100 feet of the Archon for this to work.


### Added by BigDoody on 10-06-2025

###Block: Silverstar
Lunar Sight			KEY:Silverstar ~ Lunar Sight			CATEGORY:Special Ability		TYPE:Extraordinary.Class Feature.Silverstar Class Feature.SpecialQuality		BONUS:VAR|HasLowlightVision|1		SOURCEPAGE:p.202		DESC:You have low-light vision.
Moon's Hand			KEY:Silverstar ~ Moon's Hand			CATEGORY:Special Ability		TYPE:Supernatural.Class Feature.Silverstar Class Feature.SpecialQuality				SOURCEPAGE:p.202		DESC:Any heavy mace wielded by you is treated as if it were a +1 shock heavy mace. If it leaves your hand it reverts to its original abilities. If the weapon has additional abilities (such as frost), these abilities still apply, and if the weapon has an enhancement bonus better than +1 the higher of the two bonuses is used. At 6th level, the weapon is treated as a +2 shock heavy mace.
Tears of Selune			KEY:Silverstar ~ Tears of Selune			CATEGORY:Special Ability		TYPE:Class Feature.Silverstar Class Feature.SpecialQuality				SOURCEPAGE:p.202		DESC:You can project small balls of luminescent lunar energy from your eyes as a dancing lights spell (torches or will-o'-wisps only) at will, as if cast by a sorcerer of your caster level.
Prophet's Sight			KEY:Silverstar ~ Prophet's Sight			CATEGORY:Special Ability		TYPE:Supernatural.Class Feature.Silverstar Class Feature.SpecialQuality				SOURCEPAGE:p.202		DESC:Once per day, you are able to see as if under the effect of a true seeing spell cast by a cleric of your level. At 8th level, this ability can be used 2/day.
Selunite Lycanthrope			KEY:Silverstar ~ Selunite Lycanthrope			CATEGORY:Special Ability		TYPE:Class Feature.Silverstar Class Feature.SpecialQuality				SOURCEPAGE:p.202		DESC:If you contract any form of lycanthropy, you are treated as a natural lycanthrope. Your type changes to shapechanger, and you may select the Improved Control Shape feat (see the Monster Manual) or the Scent ability as a feat (see the Monster Manual) at any point that you can select a new feat. You do not change alignment due to contracting lycanthropy and are aware of your actions while in animal or hybrid form.
Moonshield			KEY:Silverstar ~ Moonshield			CATEGORY:Special Ability		TYPE:Supernatural.Class Feature.Silverstar Class Feature.SpecialQuality				SOURCEPAGE:p.202		ASPECT:SaveBonus|+2 saving throw bonus against enchantment, illusion, and necromancy spells and effects, and spells and effects with the darkness descriptor.		DESC:You have learned how to better resist the magic of the Shadow Weave. You gain a +2 bonus on saves against enchantment, illusion, and necromancy spells and effects, and spells and effects with the darkness descriptor. This bonus applies whether or not the source is from the Weave or the Shadow Weave.
Greater Moon's Hand			KEY:Silverstar ~ Greater Moon's Hand			CATEGORY:Special Ability		TYPE:Supernatural.Class Feature.Silverstar Class Feature.SpecialQuality				SOURCEPAGE:p.202		DESC:When using your moon's hand ability, you treat your heavy mace as if it were a +2 shocking burst weapon.
Moonfire			KEY:Silverstar ~ Moonfire			CATEGORY:Special Ability		TYPE:Class Feature.Silverstar Class Feature.SpecialQuality				SOURCEPAGE:p.202		DESC:You can cast Moonfire 1/day as a spell-like ability.



