#Added by StoneAgeArtisans 02/17/25

# Automatic Orc Double Axe Proficiency
Orc Double Axe Proficiency		OUTPUTNAME:Orc Double Axe Proficiency						VISIBLE:YES				PRERACE:1,Orc																																																																																																																			ABILITY:FEAT|AUTOMATIC|Exotic Weapon Proficiency(Axe (Orc Double))																																																										

# Automatic Halfling Warsling Proficiency
Halfling Warsling Proficiency		OUTPUTNAME:Halfling Warsling Proficiency						VISIBLE:YES				PRERACE:1,Halfling																																																																																																																			ABILITY:FEAT|AUTOMATIC|Exotic Weapon Proficiency(Warsling)																																																										

# Automatic Halfling Skiprock Proficiency
Halfling Skiprock Proficiency		OUTPUTNAME:Halfling Skiprock Proficiency						VISIBLE:YES				PRERACE:1,Halfling																																																																																																																			ABILITY:FEAT|AUTOMATIC|Exotic Weapon Proficiency(Skiprock)																																																										
